node.exe : ✗ Build failed in 1.68s
At line:1 char:1
+ & "C:\Program Files\nodejs/node.exe" "C:\Program Files\nodejs/node_mo ...
+ ~~~~~~~~~~~~~~~~~~~~~~~~~~~~~~~~~~~~~~~~~~~~~~~~~~~~~~~~~~~~~~~~~~~~~
    + CategoryInfo          : NotSpecified: (✗ Build failed in 1.68s:String) [], RemoteException
    + FullyQualifiedErrorId : NativeCommandError
 
error during build:
Build failed with 1 error:

[31m[UNLOADABLE_DEPENDENCY] [0mCould not load src/views/HomePage.vue
   [38;5;246m╭[0m[38;5;246m─[0m[38;5;246m[[0m src/router/index.ts:8:28 [38;5;246m][0m
   [38;5;246m│[0m
 [38;5;246m8 │[0m [38;5;249m [0m[38;5;249m [0m[38;5;249m [0m[38;5;249m [0m[38;5;249m [0m[38;5;249m [0m[3
8;5;249m [0m[38;5;249m [0m[38;5;249m [0m[38;5;249mc[0m[38;5;249mo[0m[38;5;249mm[0m[38;5;249mp[0m[38;5;249
mo[0m[38;5;249mn[0m[38;5;249me[0m[38;5;249mn[0m[38;5;249mt[0m[38;5;249m:[0m[38;5;249m [0m[38;5;249m([0m
[38;5;249m)[0m[38;5;249m [0m[38;5;249m=[0m[38;5;249m>[0m[38;5;249m [0m[38;5;249mi[0m[38;5;249mm[0m[38;5;2
49mp[0m[38;5;249mo[0m[38;5;249mr[0m[38;5;249mt[0m[38;5;249m([0m"@/views/HomePage.vue"[38;5;249m)[0m
 [38;5;240m  │[0m                                  ───────────┬──────────  
 [38;5;240m  │[0m                                             ╰──────────── stream did not contain valid UTF-8
[38;5;246m───╯[0m

    at aggregateBindingErrorsIntoJsError (file:///C:/Users/Loze/projects/loze-vue-homepage/node_modules/rolldown/dist/s
hared/error-B68YLzl3.mjs:48:18)
    at unwrapBindingResult (file:///C:/Users/Loze/projects/loze-vue-homepage/node_modules/rolldown/dist/shared/error-B6
8YLzl3.mjs:18:128)
    at #build (file:///C:/Users/Loze/projects/loze-vue-homepage/node_modules/rolldown/dist/shared/rolldown-build-DR0wzp
0V.mjs:3256:34)
    at async buildEnvironment (file:///C:/Users/Loze/projects/loze-vue-homepage/node_modules/vite/dist/node/chunks/node
.js:32575:66)
    at async Object.build (file:///C:/Users/Loze/projects/loze-vue-homepage/node_modules/vite/dist/node/chunks/node.js:
32997:19)
    at async Object.buildApp (file:///C:/Users/Loze/projects/loze-vue-homepage/node_modules/vite/dist/node/chunks/node.
js:32994:153)
    at async CAC.<anonymous> (file:///C:/Users/Loze/projects/loze-vue-homepage/node_modules/vite/dist/node/cli.js:777:3
) {
  errors: [Getter/Setter]
}
